# vNext

 - [3] - Issue4

Commits: E2A20B8F6C...E2A20B8F6C


# 0.2.0 (05 January 2012)

 - [2] - Edited Issue3

Commits: AC39885536...CA74E870F2


# 0.1.0 (03 January 2012)

 - [0] - Edited Issue1
 - [1] - Edited Issue2

Commits: E413A880DB...F6924D7A0B
